// 重构日志: 5a638339
// 重构日志: e937957b
// 重构日志: 07580a86
// 同步 ID: 3fe827f8 @ Sat Jul 25 00:35:07 UTC 2026
// 同步 ID: c3ef50e9 @ Sat Jul 25 04:36:23 UTC 2026
// 重构日志: 0c8b3631
// 重构日志: 0c09a8ee
// 同步 ID: 15201dcb @ Sat Jul 25 18:06:44 UTC 2026
// 重构日志: c012e5ba
// 同步 ID: d653786c @ Sun Jul 26 15:29:30 UTC 2026
// 重构日志: 23744b3a
// 同步 ID: 973c6b21 @ Mon Jul 27 04:41:09 UTC 2026
// 重构日志: 60aaa531
// 重构日志: 88bdd73c
// 同步 ID: 466c3e0f @ Tue Jul 28 20:34:32 UTC 2026
// 同步 ID: 35eb9543 @ Wed Jul 29 06:47:57 UTC 2026
// 重构日志: d93db8e1
// 同步 ID: 759623e4 @ Thu Jul 30 00:31:40 UTC 2026
// 重构日志: 9040eb05
// 同步 ID: 85a7c2f2 @ Thu Jul 30 10:17:57 UTC 2026
// 同步 ID: 353d5df5 @ Thu Jul 30 14:37:27 UTC 2026
// 重构日志: e7736115
// 重构日志: 2fec7e67
// 同步 ID: 8eb44d27 @ Fri Jul 31 10:05:59 UTC 2026
// 重构日志: 537fa6fa
// 同步 ID: c9e0e1b1 @ Sat Aug  1 12:22:06 UTC 2026
// 同步 ID: 1fea4487 @ Sun Aug  2 09:50:00 UTC 2026
// 同步 ID: 6438fd2d @ Mon Aug  3 00:51:48 UTC 2026
// 同步 ID: 0e9a727e @ Mon Aug  3 12:14:25 UTC 2026
// 同步 ID: 194aa9c2 @ Wed Aug  5 07:22:18 UTC 2026
// 重构日志: 940aac70
// 重构日志: 7b075efa
// 重构日志: a8cd542f
// 重构日志: 484351a8
// 重构日志: 0d541ba9
// 重构日志: c52aaf88
